// Jest Snapshot v1, https://goo.gl/fbAQLP

exports[`tests should throw if failed to produce 1`] = `[TypeError: fetch failed]`;
