// Jest Snapshot v1, https://goo.gl/fbAQLP

exports[`tests produce and consume 1`] = `
{
  "data": "foo",
}
`;

exports[`tests produce and consume 2`] = `
{
  "x-b3-flags": "1",
  "x-b3-parentspanid": "101112",
  "x-b3-sampled": "1",
  "x-b3-spanid": "789",
  "x-b3-traceid": "456",
  "x-ot-span-context": "foo",
  "x-request-id": "123",
}
`;
